
==============================================================================
image:                                                                    1 ❌

- ❌ ERROR No healthcheck found for "image" plugin.

==============================================================================
molten:                                                                   3 ⚠️

molten-nvim ~
- ✅ OK NeoVim >=0.9
- ✅ OK Python >=3.10
- ✅ OK Python module pynvim found
- ✅ OK Python module jupyter-client found
- ✅ OK Python module cairosvg found
- ✅ OK Python module pnglatex found
- ✅ OK Python module plotly found
- ⚠️ WARNING Optional python module kaleido not found
  - ADVICE:
    - pip install kaleido
- ⚠️ WARNING Optional python module pyperclip not found
  - ADVICE:
    - pip install pyperclip
- ⚠️ WARNING Optional python module nbformat not found
  - ADVICE:
    - pip install nbformat
- ✅ OK Python module pillow found

==============================================================================
vim.provider:                                                             4 ⚠️

Clipboard (optional) ~
- ✅ OK Clipboard tool found: wl-copy

Node.js provider (optional) ~
- Node.js: v24.12.0

- ⚠️ WARNING Missing "neovim" npm (or yarn, pnpm) package.
  - ADVICE:
    - Run in shell: npm install -g neovim
    - Run in shell (if you use yarn): yarn global add neovim
    - Run in shell (if you use pnpm): pnpm install -g neovim
    - You may disable this provider (and warning) by adding `let g:loaded_node_provider = 0` to your init.vim

Perl provider (optional) ~
- ⚠️ WARNING "Neovim::Ext" cpan module is not installed
  - ADVICE:
    - See :help |provider-perl| for more information.
    - You can disable this provider (and warning) by adding `let g:loaded_perl_provider = 0` to your init.vim
- ⚠️ WARNING No usable perl executable found

Python 3 provider (optional) ~
- Using: g:python3_host_prog = "/home/naveen/.neovim-venv/bin/python"
- Executable: /home/naveen/.neovim-venv/bin/python
- Python version: 3.13.11
- pynvim version: 0.6.0
- ✅ OK Latest pynvim is installed.

Python virtualenv ~
- ✅ OK no $VIRTUAL_ENV

Ruby provider (optional) ~
- ⚠️ WARNING `ruby` and `gem` must be in $PATH.
  - ADVICE:
    - Install Ruby and verify that `ruby` and `gem` commands work.

